// Jest Snapshot v1, https://goo.gl/fbAQLP

exports[`SlotMachine should render properly 1`] = `
<div
  className="sc-htpNat imLdsl"
>
  <header>
    <h1>
      Slot Machine
    </h1>
  </header>
  <main>
    <div
      className="sc-bwzfXH kgSWDu"
    >
      <img
        className="sc-bdVaJa eqvFIQ"
        src="/imgs/strawberry.jpg"
      />
      <img
        className="sc-bdVaJa eqvFIQ"
        src="/imgs/orange.jpg"
      />
      <img
        className="sc-bdVaJa eqvFIQ"
        src="/imgs/banana.jpg"
      />
      <img
        className="sc-bdVaJa eqvFIQ"
        src="/imgs/monkey.jpg"
      />
    </div>
    <div
      className="sc-bwzfXH kgSWDu"
    >
      <img
        className="sc-bdVaJa eqvFIQ"
        src="/imgs/strawberry.jpg"
      />
      <img
        className="sc-bdVaJa eqvFIQ"
        src="/imgs/orange.jpg"
      />
      <img
        className="sc-bdVaJa eqvFIQ"
        src="/imgs/banana.jpg"
      />
      <img
        className="sc-bdVaJa eqvFIQ"
        src="/imgs/monkey.jpg"
      />
    </div>
    <div
      className="sc-bwzfXH kgSWDu"
    >
      <img
        className="sc-bdVaJa eqvFIQ"
        src="/imgs/strawberry.jpg"
      />
      <img
        className="sc-bdVaJa eqvFIQ"
        src="/imgs/orange.jpg"
      />
      <img
        className="sc-bdVaJa eqvFIQ"
        src="/imgs/banana.jpg"
      />
      <img
        className="sc-bdVaJa eqvFIQ"
        src="/imgs/monkey.jpg"
      />
    </div>
  </main>
  <button
    className="sc-bxivhb gxrYMO"
    onClick={[Function]}
  >
    Start
  </button>
  <button
    className="sc-bxivhb gxrYMO"
    onClick={[MockFunction]}
  >
    Stop
  </button>
</div>
`;
